------------------------------------------------------------
TimeQuest Timing Analyzer Summary
------------------------------------------------------------

Type  : Slow 1100mV 85C Model Setup 'inst4|inst4|vgaclk_inst|altera_pll_i|general[0].gpll~PLL_OUTPUT_COUNTER|divclk'
Slack : -10.259
TNS   : -595.764

Type  : Slow 1100mV 85C Model Setup 'KEY[0]'
Slack : -4.373
TNS   : -6098.730

Type  : Slow 1100mV 85C Model Hold 'inst4|inst4|vgaclk_inst|altera_pll_i|general[0].gpll~PLL_OUTPUT_COUNTER|divclk'
Slack : 0.263
TNS   : 0.000

Type  : Slow 1100mV 85C Model Hold 'KEY[0]'
Slack : 0.290
TNS   : 0.000

Type  : Slow 1100mV 85C Model Minimum Pulse Width 'KEY[0]'
Slack : -2.636
TNS   : -1906.268

Type  : Slow 1100mV 85C Model Minimum Pulse Width 'inst4|inst4|vgaclk_inst|altera_pll_i|general[0].gpll~FRACTIONAL_PLL|vcoph[0]'
Slack : 0.497
TNS   : 0.000

Type  : Slow 1100mV 85C Model Minimum Pulse Width 'CLOCK_50'
Slack : 9.949
TNS   : 0.000

Type  : Slow 1100mV 85C Model Minimum Pulse Width 'inst4|inst4|vgaclk_inst|altera_pll_i|general[0].gpll~PLL_OUTPUT_COUNTER|divclk'
Slack : 18.504
TNS   : 0.000

Type  : Slow 1100mV 0C Model Setup 'inst4|inst4|vgaclk_inst|altera_pll_i|general[0].gpll~PLL_OUTPUT_COUNTER|divclk'
Slack : -10.064
TNS   : -584.133

Type  : Slow 1100mV 0C Model Setup 'KEY[0]'
Slack : -4.299
TNS   : -5778.363

Type  : Slow 1100mV 0C Model Hold 'inst4|inst4|vgaclk_inst|altera_pll_i|general[0].gpll~PLL_OUTPUT_COUNTER|divclk'
Slack : 0.247
TNS   : 0.000

Type  : Slow 1100mV 0C Model Hold 'KEY[0]'
Slack : 0.270
TNS   : 0.000

Type  : Slow 1100mV 0C Model Minimum Pulse Width 'KEY[0]'
Slack : -2.636
TNS   : -1727.767

Type  : Slow 1100mV 0C Model Minimum Pulse Width 'inst4|inst4|vgaclk_inst|altera_pll_i|general[0].gpll~FRACTIONAL_PLL|vcoph[0]'
Slack : 0.497
TNS   : 0.000

Type  : Slow 1100mV 0C Model Minimum Pulse Width 'CLOCK_50'
Slack : 9.980
TNS   : 0.000

Type  : Slow 1100mV 0C Model Minimum Pulse Width 'inst4|inst4|vgaclk_inst|altera_pll_i|general[0].gpll~PLL_OUTPUT_COUNTER|divclk'
Slack : 18.466
TNS   : 0.000

Type  : Fast 1100mV 85C Model Setup 'inst4|inst4|vgaclk_inst|altera_pll_i|general[0].gpll~PLL_OUTPUT_COUNTER|divclk'
Slack : -5.630
TNS   : -310.323

Type  : Fast 1100mV 85C Model Setup 'KEY[0]'
Slack : -2.378
TNS   : -2678.320

Type  : Fast 1100mV 85C Model Hold 'inst4|inst4|vgaclk_inst|altera_pll_i|general[0].gpll~PLL_OUTPUT_COUNTER|divclk'
Slack : 0.135
TNS   : 0.000

Type  : Fast 1100mV 85C Model Hold 'KEY[0]'
Slack : 0.152
TNS   : 0.000

Type  : Fast 1100mV 85C Model Minimum Pulse Width 'KEY[0]'
Slack : -2.174
TNS   : -862.489

Type  : Fast 1100mV 85C Model Minimum Pulse Width 'inst4|inst4|vgaclk_inst|altera_pll_i|general[0].gpll~FRACTIONAL_PLL|vcoph[0]'
Slack : 0.497
TNS   : 0.000

Type  : Fast 1100mV 85C Model Minimum Pulse Width 'CLOCK_50'
Slack : 9.643
TNS   : 0.000

Type  : Fast 1100mV 85C Model Minimum Pulse Width 'inst4|inst4|vgaclk_inst|altera_pll_i|general[0].gpll~PLL_OUTPUT_COUNTER|divclk'
Slack : 18.790
TNS   : 0.000

Type  : Fast 1100mV 0C Model Setup 'inst4|inst4|vgaclk_inst|altera_pll_i|general[0].gpll~PLL_OUTPUT_COUNTER|divclk'
Slack : -5.301
TNS   : -294.700

Type  : Fast 1100mV 0C Model Setup 'KEY[0]'
Slack : -1.977
TNS   : -2190.240

Type  : Fast 1100mV 0C Model Hold 'inst4|inst4|vgaclk_inst|altera_pll_i|general[0].gpll~PLL_OUTPUT_COUNTER|divclk'
Slack : 0.123
TNS   : 0.000

Type  : Fast 1100mV 0C Model Hold 'KEY[0]'
Slack : 0.144
TNS   : 0.000

Type  : Fast 1100mV 0C Model Minimum Pulse Width 'KEY[0]'
Slack : -2.174
TNS   : -755.793

Type  : Fast 1100mV 0C Model Minimum Pulse Width 'inst4|inst4|vgaclk_inst|altera_pll_i|general[0].gpll~FRACTIONAL_PLL|vcoph[0]'
Slack : 0.497
TNS   : 0.000

Type  : Fast 1100mV 0C Model Minimum Pulse Width 'CLOCK_50'
Slack : 9.632
TNS   : 0.000

Type  : Fast 1100mV 0C Model Minimum Pulse Width 'inst4|inst4|vgaclk_inst|altera_pll_i|general[0].gpll~PLL_OUTPUT_COUNTER|divclk'
Slack : 18.792
TNS   : 0.000

------------------------------------------------------------
